2025-03-06 16:02:00 | WARN | repo=course-sys-int-systems | action=commit
2025-09-10 13:45:00 | WARN | repo=course-sys-int-systems | action=commit
2025-01-10 20:58:00 | WARN | repo=course-sys-int-systems | action=test | passed=true
2025-12-19 10:27:00 | DEBUG | repo=course-sys-int-systems | action=commit
2025-09-09 08:12:00 | DEBUG | repo=course-sys-int-systems | action=commit
2025-06-07 16:56:00 | INFO | repo=course-sys-int-systems | action=commit
2025-10-21 21:29:00 | WARN | repo=course-sys-int-systems | action=commit
2025-07-06 14:33:00 | INFO | repo=course-sys-int-systems | action=commit
2025-06-28 11:56:00 | DEBUG | repo=course-sys-int-systems | action=commit
2025-05-28 19:03:00 | WARN | repo=course-sys-int-systems | action=commit
2025-01-25 08:04:00 | DEBUG | repo=course-sys-int-systems | action=edit | files=1
2025-03-20 13:08:00 | DEBUG | repo=course-sys-int-systems | action=commit
2025-09-22 13:40:00 | INFO | repo=course-sys-int-systems | action=test | passed=true
2025-02-25 15:17:00 | INFO | repo=course-sys-int-systems | action=commit
2025-06-04 08:47:00 | WARN | repo=course-sys-int-systems | action=commit
2025-12-27 09:25:00 | DEBUG | repo=course-sys-int-systems | action=pull
2025-10-17 08:54:00 | INFO | repo=course-sys-int-systems | action=commit
2025-09-08 12:04:00 | WARN | repo=course-sys-int-systems | action=commit
2025-06-09 09:02:00 | DEBUG | repo=course-sys-int-systems | action=commit
2025-05-12 10:45:00 | INFO | repo=course-sys-int-systems | action=commit
2025-08-25 09:40:00 | INFO | repo=course-sys-int-systems | action=commit
2025-10-17 08:53:00 | INFO | repo=course-sys-int-systems | action=pull
2025-09-13 07:26:00 | INFO | repo=course-sys-int-systems | action=commit
2025-05-21 13:26:00 | WARN | repo=course-sys-int-systems | action=commit
2025-09-11 20:10:00 | INFO | repo=course-sys-int-systems | action=commit
2025-05-11 11:28:00 | DEBUG | repo=course-sys-int-systems | action=commit
2025-03-05 13:43:00 | DEBUG | repo=course-sys-int-systems | action=commit
2025-02-05 12:51:00 | WARN | repo=course-sys-int-systems | action=commit
2025-02-18 11:44:00 | DEBUG | repo=course-sys-int-systems | action=commit
